[{"stream_name":"stdout","time":12.179339227,"data":"     ━━━━━━━━━━━━━━━━━━━━━━━━━━━━━━━━━━━━━━━ 798.9/798.9 MB 2.2 MB/s eta 0:00:00\n"}
,{"stream_name":"stdout","time":15.015074367,"data":"     ━━━━━━━━━━━━━━━━━━━━━━━━━━━━━━━━━━━━━━━━ 7.1/7.1 MB 106.8 MB/s eta 0:00:00\n"}
,{"stream_name":"stdout","time":15.237009461,"data":"     ━━━━━━━━━━━━━━━━━━━━━━━━━━━━━━━━━━━━━━━ 23.7/23.7 MB 175.1 MB/s eta 0:00:00\n"}
,{"stream_name":"stdout","time":15.367547481,"data":"     ━━━━━━━━━━━━━━━━━━━━━━━━━━━━━━━━━━━━━ 823.6/823.6 kB 219.0 MB/s eta 0:00:00\n"}
,{"stream_name":"stdout","time":15.484285765,"data":"     ━━━━━━━━━━━━━━━━━━━━━━━━━━━━━━━━━━━━━━━ 14.1/14.1 MB 191.0 MB/s eta 0:00:00\n"}
,{"stream_name":"stdout","time":22.588788175,"data":"     ━━━━━━━━━━━━━━━━━━━━━━━━━━━━━━━━━━━━━━━ 664.8/664.8 MB 2.3 MB/s eta 0:00:00\n"}
,{"stream_name":"stdout","time":26.634422121,"data":"     ━━━━━━━━━━━━━━━━━━━━━━━━━━━━━━━━━━━━━━ 410.6/410.6 MB 93.7 MB/s eta 0:00:00\n"}
,{"stream_name":"stdout","time":28.340838569,"data":"     ━━━━━━━━━━━━━━━━━━━━━━━━━━━━━━━━━━━━━ 121.6/121.6 MB 162.3 MB/s eta 0:00:00\n"}
,{"stream_name":"stdout","time":29.858229317,"data":"     ━━━━━━━━━━━━━━━━━━━━━━━━━━━━━━━━━━━━━━━ 56.5/56.5 MB 163.7 MB/s eta 0:00:00\n"}
,{"stream_name":"stdout","time":30.591020616,"data":"     ━━━━━━━━━━━━━━━━━━━━━━━━━━━━━━━━━━━━━ 124.2/124.2 MB 162.3 MB/s eta 0:00:00\n"}
,{"stream_name":"stdout","time":31.839250853,"data":"     ━━━━━━━━━━━━━━━━━━━━━━━━━━━━━━━━━━━━━ 196.0/196.0 MB 138.9 MB/s eta 0:00:00\n"}
,{"stream_name":"stdout","time":33.451444077,"data":"     ━━━━━━━━━━━━━━━━━━━━━━━━━━━━━━━━━━━━━ 176.2/176.2 MB 121.7 MB/s eta 0:00:00\n"}
,{"stream_name":"stdout","time":34.179890692,"data":"     ━━━━━━━━━━━━━━━━━━━━━━━━━━━━━━━━━━━━━━━━ 99.1/99.1 kB 71.2 MB/s eta 0:00:00\n"}
,{"stream_name":"stdout","time":38.045865535,"data":"     ━━━━━━━━━━━━━━━━━━━━━━━━━━━━━━━━━━━━━━━ 209.5/209.5 MB 5.9 MB/s eta 0:00:00\n"}
,{"stream_name":"stderr","time":134.806883886,"data":"ERROR: pip's dependency resolver does not currently take into account all the packages that are installed. This behaviour is the source of the following dependency conflicts.\n"}
,{"stream_name":"stderr","time":134.806944957,"data":"torchaudio 2.10.0+cu128 requires torch==2.10.0, but you have torch 2.4.1+cu121 which is incompatible.\n"}
,{"stream_name":"stdout","time":137.703691125,"data":"     ━━━━━━━━━━━━━━━━━━━━━━━━━━━━━━━━━━━━━━━━ 44.1/44.1 kB 3.1 MB/s eta 0:00:00\n"}
,{"stream_name":"stdout","time":138.63736031,"data":"   ━━━━━━━━━━━━━━━━━━━━━━━━━━━━━━━━━━━━━━━━ 3.2/3.2 MB 75.2 MB/s eta 0:00:00\n"}
,{"stream_name":"stdout","time":138.746130245,"data":"   ━━━━━━━━━━━━━━━━━━━━━━━━━━━━━━━━━━━━━━━━ 10.0/10.0 MB 101.2 MB/s eta 0:00:00\n"}
,{"stream_name":"stdout","time":138.777891426,"data":"   ━━━━━━━━━━━━━━━━━━━━━━━━━━━━━━━━━━━━━━━━ 566.4/566.4 kB 37.4 MB/s eta 0:00:00\n"}
,{"stream_name":"stdout","time":138.817269325,"data":"   ━━━━━━━━━━━━━━━━━━━━━━━━━━━━━━━━━━━━━━━━ 3.0/3.0 MB 95.0 MB/s eta 0:00:00\n"}
,{"stream_name":"stdout","time":159.384902885,"data":"torch 2.4.1+cu121 cuda True\n"}
,{"stream_name":"stderr","time":160.066973469,"data":"The cache for model files in Transformers v4.22.0 has been updated. Migrating your old cache. This is a one-time only operation. You can interrupt this and resume the migration later on by calling `transformers.utils.move_cache()`.\n"}
,{"stream_name":"stderr","time":160.069770904,"data":"\r0it [00:00, ?it/s]\r0it [00:00, ?it/s]\n"}
,{"stream_name":"stderr","time":274.078285622,"data":"\rFetching 13 files:   0%|          | 0/13 [00:00\u003c?, ?it/s]\rFetching 13 files:  15%|█▌        | 2/13 [00:00\u003c00:00, 18.07it/s]\rFetching 13 files:  15%|█▌        | 2/13 [00:16\u003c00:00, 18.07it/s]\rFetching 13 files:  31%|███       | 4/13 [01:30\u003c03:58, 26.54s/it]\rFetching 13 files: 100%|██████████| 13/13 [01:30\u003c00:00,  6.94s/it]\n"}
,{"stream_name":"stderr","time":275.871331387,"data":"\rLoading pipeline components...:   0%|          | 0/5 [00:00\u003c?, ?it/s]\rLoading pipeline components...:  20%|██        | 1/5 [00:01\u003c00:06,  1.71s/it]\n"}
,{"stream_name":"stderr","time":294.952753543,"data":"\rLoading checkpoint shards:   0%|          | 0/2 [00:00\u003c?, ?it/s]\u001b[A\n"}
,{"stream_name":"stderr","time":326.319917071,"data":"\rLoading checkpoint shards:  50%|█████     | 1/2 [00:19\u003c00:19, 19.08s/it]\u001b[A\n"}
,{"stream_name":"stderr","time":326.320936401,"data":"\rLoading checkpoint shards: 100%|██████████| 2/2 [00:50\u003c00:00, 26.31s/it]\u001b[A\rLoading checkpoint shards: 100%|██████████| 2/2 [00:50\u003c00:00, 25.22s/it]\n"}
,{"stream_name":"stderr","time":326.382116706,"data":"\rLoading pipeline components...:  40%|████      | 2/5 [00:52\u003c01:31, 30.43s/it]You are using the default legacy behaviour of the \u003cclass 'transformers.models.t5.tokenization_t5.T5Tokenizer'\u003e. This is expected, and simply means that the `legacy` (previous) behavior will be used so nothing changes for you. If you want to use the new behaviour, set `legacy=False`. This should only be set if you understand what it means, and thoroughly read the reason why this was added as explained in https://github.com/huggingface/transformers/pull/24565\n"}
,{"stream_name":"stderr","time":336.731367358,"data":"\rLoading pipeline components...:  60%|██████    | 3/5 [00:52\u003c00:33, 16.61s/it]\rLoading pipeline components...:  80%|████████  | 4/5 [01:02\u003c00:14, 14.08s/it]\rLoading pipeline components...: 100%|██████████| 5/5 [01:02\u003c00:00, 12.53s/it]\n"}
,{"stream_name":"stdout","time":336.750723158,"data":"PIPE READY\n"}
,{"stream_name":"stdout","time":340.474649174,"data":"OCR READY\n"}
,{"stream_name":"stderr","time":340.474987507,"data":"\n"}
,{"stream_name":"stderr","time":340.475000767,"data":"Setting `clean_caption=True` requires the ftfy library but it was not found in your environment. Checkout the instructions on the\n"}
,{"stream_name":"stderr","time":340.475006022,"data":"installation section: https://github.com/rspeer/python-ftfy/tree/master#installing and follow the ones\n"}
,{"stream_name":"stderr","time":340.475010602,"data":"that match your environment. Please note that you may need to restart your runtime after installation.\n"}
,{"stream_name":"stderr","time":340.475029834,"data":"\n"}
,{"stream_name":"stderr","time":340.475033601,"data":"Setting `clean_caption` to False...\n"}
,{"stream_name":"stderr","time":359.348797211,"data":"\n"}
,{"stream_name":"stderr","time":359.348848629,"data":"Setting `clean_caption=True` requires the ftfy library but it was not found in your environment. Checkout the instructions on the\n"}
,{"stream_name":"stderr","time":359.348855471,"data":"installation section: https://github.com/rspeer/python-ftfy/tree/master#installing and follow the ones\n"}
,{"stream_name":"stderr","time":359.348862539,"data":"that match your environment. Please note that you may need to restart your runtime after installation.\n"}
,{"stream_name":"stderr","time":359.348869689,"data":"\n"}
,{"stream_name":"stderr","time":359.34887681,"data":"Setting `clean_caption` to False...\n"}
,{"stream_name":"stderr","time":394.006394408,"data":"\r  0%|          | 0/25 [00:00\u003c?, ?it/s]\r  4%|▍         | 1/25 [00:11\u003c04:37, 11.57s/it]\r 12%|█▏        | 3/25 [00:12\u003c01:13,  3.35s/it]\r 16%|█▌        | 4/25 [00:13\u003c00:53,  2.53s/it]\r 20%|██        | 5/25 [00:14\u003c00:40,  2.01s/it]\r 24%|██▍       | 6/25 [00:15\u003c00:31,  1.67s/it]\r 28%|██▊       | 7/25 [00:16\u003c00:26,  1.45s/it]\r 32%|███▏      | 8/25 [00:17\u003c00:22,  1.30s/it]\r 36%|███▌      | 9/25 [00:18\u003c00:19,  1.20s/it]\r 40%|████      | 10/25 [00:19\u003c00:16,  1.13s/it]\r 44%|████▍     | 11/25 [00:20\u003c00:15,  1.08s/it]\r 48%|████▊     | 12/25 [00:21\u003c00:13,  1.05s/it]\r 52%|█████▏    | 13/25 [00:22\u003c00:12,  1.03s/it]\r 56%|█████▌    | 14/25 [00:23\u003c00:11,  1.01s/it]\r 60%|██████    | 15/25 [00:24\u003c00:09,  1.00it/s]\r 64%|██████▍   | 16/25 [00:25\u003c00:08,  1.01it/s]\r 68%|██████▊   | 17/25 [00:26\u003c00:07,  1.01it/s]\r 72%|███████▏  | 18/25 [00:27\u003c00:06,  1.01it/s]\r 76%|███████▌  | 19/25 [00:28\u003c00:05,  1.02it/s]\r 80%|████████  | 20/25 [00:29\u003c00:04,  1.02it/s]\r 84%|████████▍ | 21/25 [00:30\u003c00:03,  1.01it/s]\r 88%|████████▊ | 22/25 [00:30\u003c00:02,  1.01it/s]\r 92%|█████████▏| 23/25 [00:31\u003c00:01,  1.01it/s]\r 96%|█████████▌| 24/25 [00:32\u003c00:00,  1.01it/s]\r100%|██████████| 25/25 [00:33\u003c00:00,  1.01it/s]\r100%|██████████| 25/25 [00:33\u003c00:00,  1.36s/it]\n"}
,{"stream_name":"stdout","time":397.661382534,"data":"RETRY 1 attempt 1 text detected: ['6']\n"}
,{"stream_name":"stderr","time":397.666729232,"data":"\n"}
,{"stream_name":"stderr","time":397.66674808,"data":"Setting `clean_caption=True` requires the ftfy library but it was not found in your environment. Checkout the instructions on the\n"}
,{"stream_name":"stderr","time":397.666754348,"data":"installation section: https://github.com/rspeer/python-ftfy/tree/master#installing and follow the ones\n"}
,{"stream_name":"stderr","time":397.666759752,"data":"that match your environment. Please note that you may need to restart your runtime after installation.\n"}
,{"stream_name":"stderr","time":397.666765057,"data":"\n"}
,{"stream_name":"stderr","time":397.666769507,"data":"Setting `clean_caption` to False...\n"}
,{"stream_name":"stderr","time":401.182127658,"data":"\n"}
,{"stream_name":"stderr","time":401.182181534,"data":"Setting `clean_caption=True` requires the ftfy library but it was not found in your environment. Checkout the instructions on the\n"}
,{"stream_name":"stderr","time":401.18218871,"data":"installation section: https://github.com/rspeer/python-ftfy/tree/master#installing and follow the ones\n"}
,{"stream_name":"stderr","time":401.18221451,"data":"that match your environment. Please note that you may need to restart your runtime after installation.\n"}
,{"stream_name":"stderr","time":401.182218738,"data":"\n"}
,{"stream_name":"stderr","time":401.182222145,"data":"Setting `clean_caption` to False...\n"}
,{"stream_name":"stderr","time":436.043005913,"data":"\r  0%|          | 0/25 [00:00\u003c?, ?it/s]\r  4%|▍         | 1/25 [00:11\u003c04:25, 11.06s/it]\r 12%|█▏        | 3/25 [00:12\u003c01:11,  3.23s/it]\r 16%|█▌        | 4/25 [00:13\u003c00:51,  2.46s/it]\r 20%|██        | 5/25 [00:14\u003c00:39,  1.97s/it]\r 24%|██▍       | 6/25 [00:15\u003c00:31,  1.66s/it]\r 28%|██▊       | 7/25 [00:16\u003c00:26,  1.45s/it]\r 32%|███▏      | 8/25 [00:17\u003c00:22,  1.31s/it]\r 36%|███▌      | 9/25 [00:18\u003c00:19,  1.22s/it]\r 40%|████      | 10/25 [00:19\u003c00:17,  1.15s/it]\r 44%|████▍     | 11/25 [00:20\u003c00:15,  1.10s/it]\r 48%|████▊     | 12/25 [00:21\u003c00:13,  1.07s/it]\r 52%|█████▏    | 13/25 [00:22\u003c00:12,  1.05s/it]\r 56%|█████▌    | 14/25 [00:23\u003c00:11,  1.04s/it]\r 60%|██████    | 15/25 [00:24\u003c00:10,  1.03s/it]\r 64%|██████▍   | 16/25 [00:25\u003c00:09,  1.03s/it]\r 68%|██████▊   | 17/25 [00:26\u003c00:08,  1.02s/it]\r 72%|███████▏  | 18/25 [00:27\u003c00:07,  1.02s/it]\r 76%|███████▌  | 19/25 [00:28\u003c00:06,  1.02s/it]\r 80%|████████  | 20/25 [00:29\u003c00:05,  1.02s/it]\r 84%|████████▍ | 21/25 [00:30\u003c00:04,  1.02s/it]\r 88%|████████▊ | 22/25 [00:31\u003c00:03,  1.02s/it]\r 92%|█████████▏| 23/25 [00:32\u003c00:02,  1.02s/it]\r 96%|█████████▌| 24/25 [00:33\u003c00:01,  1.02s/it]\r100%|██████████| 25/25 [00:34\u003c00:00,  1.02s/it]\r100%|██████████| 25/25 [00:34\u003c00:00,  1.37s/it]\n"}
,{"stream_name":"stdout","time":439.106123264,"data":"DONE 1 meanpix 80.5 attempt 2\n"}
,{"stream_name":"stderr","time":439.106334413,"data":"\n"}
,{"stream_name":"stderr","time":439.10635006,"data":"Setting `clean_caption=True` requires the ftfy library but it was not found in your environment. Checkout the instructions on the\n"}
,{"stream_name":"stderr","time":439.106355471,"data":"installation section: https://github.com/rspeer/python-ftfy/tree/master#installing and follow the ones\n"}
,{"stream_name":"stderr","time":439.106360594,"data":"that match your environment. Please note that you may need to restart your runtime after installation.\n"}
,{"stream_name":"stderr","time":439.106365346,"data":"\n"}
,{"stream_name":"stderr","time":439.106369664,"data":"Setting `clean_caption` to False...\n"}
,{"stream_name":"stderr","time":442.595998894,"data":"\n"}
,{"stream_name":"stderr","time":442.596040912,"data":"Setting `clean_caption=True` requires the ftfy library but it was not found in your environment. Checkout the instructions on the\n"}
,{"stream_name":"stderr","time":442.596047567,"data":"installation section: https://github.com/rspeer/python-ftfy/tree/master#installing and follow the ones\n"}
,{"stream_name":"stderr","time":442.596052825,"data":"that match your environment. Please note that you may need to restart your runtime after installation.\n"}
,{"stream_name":"stderr","time":442.596057656,"data":"\n"}
,{"stream_name":"stderr","time":442.596062004,"data":"Setting `clean_caption` to False...\n"}
,{"stream_name":"stderr","time":478.040239506,"data":"\r  0%|          | 0/25 [00:00\u003c?, ?it/s]\r  4%|▍         | 1/25 [00:11\u003c04:24, 11.04s/it]\r 12%|█▏        | 3/25 [00:12\u003c01:11,  3.24s/it]\r 16%|█▌        | 4/25 [00:13\u003c00:51,  2.47s/it]\r 20%|██        | 5/25 [00:14\u003c00:39,  1.99s/it]\r 24%|██▍       | 6/25 [00:15\u003c00:31,  1.68s/it]\r 28%|██▊       | 7/25 [00:16\u003c00:26,  1.48s/it]\r 32%|███▏      | 8/25 [00:17\u003c00:22,  1.33s/it]\r 36%|███▌      | 9/25 [00:18\u003c00:19,  1.24s/it]\r 40%|████      | 10/25 [00:19\u003c00:17,  1.17s/it]\r 44%|████▍     | 11/25 [00:20\u003c00:15,  1.13s/it]\r 48%|████▊     | 12/25 [00:21\u003c00:14,  1.10s/it]\r 52%|█████▏    | 13/25 [00:22\u003c00:12,  1.08s/it]\r 56%|█████▌    | 14/25 [00:23\u003c00:11,  1.07s/it]\r 60%|██████    | 15/25 [00:24\u003c00:10,  1.06s/it]\r 64%|██████▍   | 16/25 [00:25\u003c00:09,  1.05s/it]\r 68%|██████▊   | 17/25 [00:26\u003c00:08,  1.05s/it]\r 72%|███████▏  | 18/25 [00:27\u003c00:07,  1.04s/it]\r 76%|███████▌  | 19/25 [00:28\u003c00:06,  1.04s/it]\r 80%|████████  | 20/25 [00:29\u003c00:05,  1.04s/it]\r 84%|████████▍ | 21/25 [00:30\u003c00:04,  1.04s/it]\r 88%|████████▊ | 22/25 [00:31\u003c00:03,  1.04s/it]\r 92%|█████████▏| 23/25 [00:32\u003c00:02,  1.04s/it]\r 96%|█████████▌| 24/25 [00:33\u003c00:01,  1.05s/it]\r100%|██████████| 25/25 [00:34\u003c00:00,  1.04s/it]\r100%|██████████| 25/25 [00:34\u003c00:00,  1.39s/it]\n"}
,{"stream_name":"stdout","time":480.735560549,"data":"DONE 2 meanpix 107.0 attempt 1\n"}
,{"stream_name":"stderr","time":480.73590126,"data":"\n"}
,{"stream_name":"stderr","time":480.735915416,"data":"Setting `clean_caption=True` requires the ftfy library but it was not found in your environment. Checkout the instructions on the\n"}
,{"stream_name":"stderr","time":480.735920845,"data":"installation section: https://github.com/rspeer/python-ftfy/tree/master#installing and follow the ones\n"}
,{"stream_name":"stderr","time":480.735925776,"data":"that match your environment. Please note that you may need to restart your runtime after installation.\n"}
,{"stream_name":"stderr","time":480.735930375,"data":"\n"}
,{"stream_name":"stderr","time":480.735934916,"data":"Setting `clean_caption` to False...\n"}
,{"stream_name":"stderr","time":484.264609489,"data":"\n"}
,{"stream_name":"stderr","time":484.264644147,"data":"Setting `clean_caption=True` requires the ftfy library but it was not found in your environment. Checkout the instructions on the\n"}
,{"stream_name":"stderr","time":484.264650157,"data":"installation section: https://github.com/rspeer/python-ftfy/tree/master#installing and follow the ones\n"}
,{"stream_name":"stderr","time":484.264655304,"data":"that match your environment. Please note that you may need to restart your runtime after installation.\n"}
,{"stream_name":"stderr","time":484.264660332,"data":"\n"}
,{"stream_name":"stderr","time":484.264665566,"data":"Setting `clean_caption` to False...\n"}
,{"stream_name":"stderr","time":520.38226345,"data":"\r  0%|          | 0/25 [00:00\u003c?, ?it/s]\r  4%|▍         | 1/25 [00:10\u003c04:23, 10.98s/it]\r 12%|█▏        | 3/25 [00:12\u003c01:11,  3.23s/it]\r 16%|█▌        | 4/25 [00:13\u003c00:51,  2.47s/it]\r 20%|██        | 5/25 [00:14\u003c00:40,  2.00s/it]\r 24%|██▍       | 6/25 [00:15\u003c00:32,  1.70s/it]\r 28%|██▊       | 7/25 [00:16\u003c00:26,  1.50s/it]\r 32%|███▏      | 8/25 [00:17\u003c00:23,  1.36s/it]\r 36%|███▌      | 9/25 [00:18\u003c00:20,  1.27s/it]\r 40%|████      | 10/25 [00:19\u003c00:18,  1.20s/it]\r 44%|████▍     | 11/25 [00:20\u003c00:16,  1.16s/it]\r 48%|████▊     | 12/25 [00:21\u003c00:14,  1.13s/it]\r 52%|█████▏    | 13/25 [00:22\u003c00:13,  1.11s/it]\r 56%|█████▌    | 14/25 [00:23\u003c00:12,  1.09s/it]\r 60%|██████    | 15/25 [00:24\u003c00:10,  1.09s/it]\r 64%|██████▍   | 16/25 [00:25\u003c00:09,  1.08s/it]\r 68%|██████▊   | 17/25 [00:26\u003c00:08,  1.08s/it]\r 72%|███████▏  | 18/25 [00:27\u003c00:07,  1.07s/it]\r 76%|███████▌  | 19/25 [00:28\u003c00:06,  1.08s/it]\r 80%|████████  | 20/25 [00:30\u003c00:05,  1.08s/it]\r 84%|████████▍ | 21/25 [00:31\u003c00:04,  1.08s/it]\r 88%|████████▊ | 22/25 [00:32\u003c00:03,  1.08s/it]\r 92%|█████████▏| 23/25 [00:33\u003c00:02,  1.08s/it]\r 96%|█████████▌| 24/25 [00:34\u003c00:01,  1.08s/it]\r100%|██████████| 25/25 [00:35\u003c00:00,  1.08s/it]\r100%|██████████| 25/25 [00:35\u003c00:00,  1.42s/it]\n"}
,{"stream_name":"stdout","time":523.07841175,"data":"DONE 3 meanpix 73.0 attempt 1\n"}
,{"stream_name":"stderr","time":523.078726143,"data":"\n"}
,{"stream_name":"stderr","time":523.078737668,"data":"Setting `clean_caption=True` requires the ftfy library but it was not found in your environment. Checkout the instructions on the\n"}
,{"stream_name":"stderr","time":523.078742019,"data":"installation section: https://github.com/rspeer/python-ftfy/tree/master#installing and follow the ones\n"}
,{"stream_name":"stderr","time":523.07874569,"data":"that match your environment. Please note that you may need to restart your runtime after installation.\n"}
,{"stream_name":"stderr","time":523.078749523,"data":"\n"}
,{"stream_name":"stderr","time":523.078752783,"data":"Setting `clean_caption` to False...\n"}
,{"stream_name":"stderr","time":526.533302171,"data":"\n"}
,{"stream_name":"stderr","time":526.533347972,"data":"Setting `clean_caption=True` requires the ftfy library but it was not found in your environment. Checkout the instructions on the\n"}
,{"stream_name":"stderr","time":526.533353613,"data":"installation section: https://github.com/rspeer/python-ftfy/tree/master#installing and follow the ones\n"}
,{"stream_name":"stderr","time":526.533357164,"data":"that match your environment. Please note that you may need to restart your runtime after installation.\n"}
,{"stream_name":"stderr","time":526.533360804,"data":"\n"}
,{"stream_name":"stderr","time":526.533363734,"data":"Setting `clean_caption` to False...\n"}
,{"stream_name":"stderr","time":563.465479125,"data":"\r  0%|          | 0/25 [00:00\u003c?, ?it/s]\r  4%|▍         | 1/25 [00:10\u003c04:22, 10.96s/it]\r 12%|█▏        | 3/25 [00:12\u003c01:11,  3.24s/it]\r 16%|█▌        | 4/25 [00:13\u003c00:52,  2.48s/it]\r 20%|██        | 5/25 [00:14\u003c00:40,  2.02s/it]\r 24%|██▍       | 6/25 [00:15\u003c00:32,  1.71s/it]\r 28%|██▊       | 7/25 [00:16\u003c00:27,  1.51s/it]\r 32%|███▏      | 8/25 [00:17\u003c00:23,  1.38s/it]\r 36%|███▌      | 9/25 [00:18\u003c00:20,  1.29s/it]\r 40%|████      | 10/25 [00:19\u003c00:18,  1.23s/it]\r 44%|████▍     | 11/25 [00:20\u003c00:16,  1.19s/it]\r 48%|████▊     | 12/25 [00:21\u003c00:15,  1.16s/it]\r 52%|█████▏    | 13/25 [00:22\u003c00:13,  1.14s/it]\r 56%|█████▌    | 14/25 [00:23\u003c00:12,  1.13s/it]\r 60%|██████    | 15/25 [00:25\u003c00:11,  1.12s/it]\r 64%|██████▍   | 16/25 [00:26\u003c00:09,  1.11s/it]\r 68%|██████▊   | 17/25 [00:27\u003c00:08,  1.11s/it]\r 72%|███████▏  | 18/25 [00:28\u003c00:07,  1.11s/it]\r 76%|███████▌  | 19/25 [00:29\u003c00:06,  1.12s/it]\r 80%|████████  | 20/25 [00:30\u003c00:05,  1.12s/it]\r 84%|████████▍ | 21/25 [00:31\u003c00:04,  1.12s/it]\r 88%|████████▊ | 22/25 [00:32\u003c00:03,  1.13s/it]\r 92%|█████████▏| 23/25 [00:34\u003c00:02,  1.13s/it]\r 96%|█████████▌| 24/25 [00:35\u003c00:01,  1.12s/it]\r100%|██████████| 25/25 [00:36\u003c00:00,  1.13s/it]\r100%|██████████| 25/25 [00:36\u003c00:00,  1.45s/it]\n"}
,{"stream_name":"stdout","time":566.264656225,"data":"RETRY 4 attempt 1 text detected: ['4']\n"}
,{"stream_name":"stderr","time":566.271053745,"data":"\n"}
,{"stream_name":"stderr","time":566.271078165,"data":"Setting `clean_caption=True` requires the ftfy library but it was not found in your environment. Checkout the instructions on the\n"}
,{"stream_name":"stderr","time":566.271082005,"data":"installation section: https://github.com/rspeer/python-ftfy/tree/master#installing and follow the ones\n"}
,{"stream_name":"stderr","time":566.271084587,"data":"that match your environment. Please note that you may need to restart your runtime after installation.\n"}
,{"stream_name":"stderr","time":566.271087243,"data":"\n"}
,{"stream_name":"stderr","time":566.27108948,"data":"Setting `clean_caption` to False...\n"}
,{"stream_name":"stderr","time":569.682196638,"data":"\n"}
,{"stream_name":"stderr","time":569.682240393,"data":"Setting `clean_caption=True` requires the ftfy library but it was not found in your environment. Checkout the instructions on the\n"}
,{"stream_name":"stderr","time":569.682247134,"data":"installation section: https://github.com/rspeer/python-ftfy/tree/master#installing and follow the ones\n"}
,{"stream_name":"stderr","time":569.682252255,"data":"that match your environment. Please note that you may need to restart your runtime after installation.\n"}
,{"stream_name":"stderr","time":569.682256955,"data":"\n"}
,{"stream_name":"stderr","time":569.682261357,"data":"Setting `clean_caption` to False...\n"}
,{"stream_name":"stderr","time":607.485084111,"data":"\r  0%|          | 0/25 [00:00\u003c?, ?it/s]\r  4%|▍         | 1/25 [00:11\u003c04:26, 11.10s/it]\r 12%|█▏        | 3/25 [00:12\u003c01:12,  3.28s/it]\r 16%|█▌        | 4/25 [00:13\u003c00:53,  2.53s/it]\r 20%|██        | 5/25 [00:14\u003c00:41,  2.06s/it]\r 24%|██▍       | 6/25 [00:15\u003c00:33,  1.77s/it]\r 28%|██▊       | 7/25 [00:16\u003c00:28,  1.57s/it]\r 32%|███▏      | 8/25 [00:17\u003c00:24,  1.43s/it]\r 36%|███▌      | 9/25 [00:18\u003c00:21,  1.34s/it]\r 40%|████      | 10/25 [00:20\u003c00:19,  1.28s/it]\r 44%|████▍     | 11/25 [00:21\u003c00:17,  1.24s/it]\r 48%|████▊     | 12/25 [00:22\u003c00:15,  1.21s/it]\r 52%|█████▏    | 13/25 [00:23\u003c00:14,  1.19s/it]\r 56%|█████▌    | 14/25 [00:24\u003c00:12,  1.17s/it]\r 60%|██████    | 15/25 [00:25\u003c00:11,  1.15s/it]\r 64%|██████▍   | 16/25 [00:26\u003c00:10,  1.15s/it]\r 68%|██████▊   | 17/25 [00:28\u003c00:09,  1.14s/it]\r 72%|███████▏  | 18/25 [00:29\u003c00:07,  1.14s/it]\r 76%|███████▌  | 19/25 [00:30\u003c00:06,  1.14s/it]\r 80%|████████  | 20/25 [00:31\u003c00:05,  1.14s/it]\r 84%|████████▍ | 21/25 [00:32\u003c00:04,  1.14s/it]\r 88%|████████▊ | 22/25 [00:33\u003c00:03,  1.14s/it]\r 92%|█████████▏| 23/25 [00:34\u003c00:02,  1.14s/it]\r 96%|█████████▌| 24/25 [00:35\u003c00:01,  1.14s/it]\r100%|██████████| 25/25 [00:37\u003c00:00,  1.14s/it]\r100%|██████████| 25/25 [00:37\u003c00:00,  1.48s/it]\n"}
,{"stream_name":"stdout","time":610.278738715,"data":"DONE 4 meanpix 42.1 attempt 2\n"}
,{"stream_name":"stderr","time":610.279177414,"data":"\n"}
,{"stream_name":"stderr","time":610.279193023,"data":"Setting `clean_caption=True` requires the ftfy library but it was not found in your environment. Checkout the instructions on the\n"}
,{"stream_name":"stderr","time":610.279197935,"data":"installation section: https://github.com/rspeer/python-ftfy/tree/master#installing and follow the ones\n"}
,{"stream_name":"stderr","time":610.279229267,"data":"that match your environment. Please note that you may need to restart your runtime after installation.\n"}
,{"stream_name":"stderr","time":610.279233806,"data":"\n"}
,{"stream_name":"stderr","time":610.279237061,"data":"Setting `clean_caption` to False...\n"}
,{"stream_name":"stderr","time":613.758845167,"data":"\n"}
,{"stream_name":"stderr","time":613.758901716,"data":"Setting `clean_caption=True` requires the ftfy library but it was not found in your environment. Checkout the instructions on the\n"}
,{"stream_name":"stderr","time":613.758909523,"data":"installation section: https://github.com/rspeer/python-ftfy/tree/master#installing and follow the ones\n"}
,{"stream_name":"stderr","time":613.75891494,"data":"that match your environment. Please note that you may need to restart your runtime after installation.\n"}
,{"stream_name":"stderr","time":613.758919687,"data":"\n"}
,{"stream_name":"stderr","time":613.75892384,"data":"Setting `clean_caption` to False...\n"}
,{"stream_name":"stderr","time":651.593473345,"data":"\r  0%|          | 0/25 [00:00\u003c?, ?it/s]\r  4%|▍         | 1/25 [00:11\u003c04:24, 11.02s/it]\r 12%|█▏        | 3/25 [00:12\u003c01:12,  3.28s/it]\r 16%|█▌        | 4/25 [00:13\u003c00:53,  2.54s/it]\r 20%|██        | 5/25 [00:14\u003c00:41,  2.07s/it]\r 24%|██▍       | 6/25 [00:15\u003c00:33,  1.77s/it]\r 28%|██▊       | 7/25 [00:16\u003c00:28,  1.57s/it]\r 32%|███▏      | 8/25 [00:17\u003c00:24,  1.43s/it]\r 36%|███▌      | 9/25 [00:18\u003c00:21,  1.34s/it]\r 40%|████      | 10/25 [00:20\u003c00:19,  1.28s/it]\r 44%|████▍     | 11/25 [00:21\u003c00:17,  1.23s/it]\r 48%|████▊     | 12/25 [00:22\u003c00:15,  1.21s/it]\r 52%|█████▏    | 13/25 [00:23\u003c00:14,  1.18s/it]\r 56%|█████▌    | 14/25 [00:24\u003c00:12,  1.17s/it]\r 60%|██████    | 15/25 [00:25\u003c00:11,  1.16s/it]\r 64%|██████▍   | 16/25 [00:26\u003c00:10,  1.15s/it]\r 68%|██████▊   | 17/25 [00:28\u003c00:09,  1.15s/it]\r 72%|███████▏  | 18/25 [00:29\u003c00:08,  1.14s/it]\r 76%|███████▌  | 19/25 [00:30\u003c00:06,  1.14s/it]\r 80%|████████  | 20/25 [00:31\u003c00:05,  1.14s/it]\r 84%|████████▍ | 21/25 [00:32\u003c00:04,  1.14s/it]\r 88%|████████▊ | 22/25 [00:33\u003c00:03,  1.14s/it]\r 92%|█████████▏| 23/25 [00:34\u003c00:02,  1.14s/it]\r 96%|█████████▌| 24/25 [00:35\u003c00:01,  1.14s/it]\r100%|██████████| 25/25 [00:37\u003c00:00,  1.14s/it]\r100%|██████████| 25/25 [00:37\u003c00:00,  1.49s/it]\n"}
,{"stream_name":"stdout","time":654.341717099,"data":"DONE 5 meanpix 60.4 attempt 1\n"}
,{"stream_name":"stderr","time":654.342065606,"data":"\n"}
,{"stream_name":"stderr","time":654.342086256,"data":"Setting `clean_caption=True` requires the ftfy library but it was not found in your environment. Checkout the instructions on the\n"}
,{"stream_name":"stderr","time":654.342091871,"data":"installation section: https://github.com/rspeer/python-ftfy/tree/master#installing and follow the ones\n"}
,{"stream_name":"stderr","time":654.342097127,"data":"that match your environment. Please note that you may need to restart your runtime after installation.\n"}
,{"stream_name":"stderr","time":654.342102019,"data":"\n"}
,{"stream_name":"stderr","time":654.342106346,"data":"Setting `clean_caption` to False...\n"}
,{"stream_name":"stderr","time":657.803768294,"data":"\n"}
,{"stream_name":"stderr","time":657.803834345,"data":"Setting `clean_caption=True` requires the ftfy library but it was not found in your environment. Checkout the instructions on the\n"}
,{"stream_name":"stderr","time":657.803856257,"data":"installation section: https://github.com/rspeer/python-ftfy/tree/master#installing and follow the ones\n"}
,{"stream_name":"stderr","time":657.803861085,"data":"that match your environment. Please note that you may need to restart your runtime after installation.\n"}
,{"stream_name":"stderr","time":657.80386481,"data":"\n"}
,{"stream_name":"stderr","time":657.803868334,"data":"Setting `clean_caption` to False...\n"}
,{"stream_name":"stderr","time":695.404672286,"data":"\r  0%|          | 0/25 [00:00\u003c?, ?it/s]\r  4%|▍         | 1/25 [00:10\u003c04:22, 10.92s/it]\r 12%|█▏        | 3/25 [00:12\u003c01:11,  3.24s/it]\r 16%|█▌        | 4/25 [00:13\u003c00:52,  2.50s/it]\r 20%|██        | 5/25 [00:14\u003c00:40,  2.03s/it]\r 24%|██▍       | 6/25 [00:15\u003c00:33,  1.74s/it]\r 28%|██▊       | 7/25 [00:16\u003c00:27,  1.55s/it]\r 32%|███▏      | 8/25 [00:17\u003c00:24,  1.42s/it]\r 36%|███▌      | 9/25 [00:18\u003c00:21,  1.33s/it]\r 40%|████      | 10/25 [00:19\u003c00:19,  1.27s/it]\r 44%|████▍     | 11/25 [00:21\u003c00:17,  1.23s/it]\r 48%|████▊     | 12/25 [00:22\u003c00:15,  1.20s/it]\r 52%|█████▏    | 13/25 [00:23\u003c00:14,  1.18s/it]\r 56%|█████▌    | 14/25 [00:24\u003c00:12,  1.17s/it]\r 60%|██████    | 15/25 [00:25\u003c00:11,  1.16s/it]\r 64%|██████▍   | 16/25 [00:26\u003c00:10,  1.15s/it]\r 68%|██████▊   | 17/25 [00:27\u003c00:09,  1.15s/it]\r 72%|███████▏  | 18/25 [00:28\u003c00:08,  1.14s/it]\r 76%|███████▌  | 19/25 [00:30\u003c00:06,  1.14s/it]\r 80%|████████  | 20/25 [00:31\u003c00:05,  1.14s/it]\r 84%|████████▍ | 21/25 [00:32\u003c00:04,  1.14s/it]\r 88%|████████▊ | 22/25 [00:33\u003c00:03,  1.14s/it]\r 92%|█████████▏| 23/25 [00:34\u003c00:02,  1.14s/it]\r 96%|█████████▌| 24/25 [00:35\u003c00:01,  1.14s/it]\r100%|██████████| 25/25 [00:36\u003c00:00,  1.14s/it]\r100%|██████████| 25/25 [00:36\u003c00:00,  1.48s/it]\n"}
,{"stream_name":"stdout","time":698.098430759,"data":"DONE 6 meanpix 105.4 attempt 1\n"}
,{"stream_name":"stderr","time":698.098626626,"data":"\n"}
,{"stream_name":"stderr","time":698.098640303,"data":"Setting `clean_caption=True` requires the ftfy library but it was not found in your environment. Checkout the instructions on the\n"}
,{"stream_name":"stderr","time":698.098645604,"data":"installation section: https://github.com/rspeer/python-ftfy/tree/master#installing and follow the ones\n"}
,{"stream_name":"stderr","time":698.098650377,"data":"that match your environment. Please note that you may need to restart your runtime after installation.\n"}
,{"stream_name":"stderr","time":698.098655042,"data":"\n"}
,{"stream_name":"stderr","time":698.098659153,"data":"Setting `clean_caption` to False...\n"}
,{"stream_name":"stderr","time":701.523265386,"data":"\n"}
,{"stream_name":"stderr","time":701.523301215,"data":"Setting `clean_caption=True` requires the ftfy library but it was not found in your environment. Checkout the instructions on the\n"}
,{"stream_name":"stderr","time":701.523305982,"data":"installation section: https://github.com/rspeer/python-ftfy/tree/master#installing and follow the ones\n"}
,{"stream_name":"stderr","time":701.523310476,"data":"that match your environment. Please note that you may need to restart your runtime after installation.\n"}
,{"stream_name":"stderr","time":701.523314828,"data":"\n"}
,{"stream_name":"stderr","time":701.523317996,"data":"Setting `clean_caption` to False...\n"}
,{"stream_name":"stderr","time":739.200214678,"data":"\r  0%|          | 0/25 [00:00\u003c?, ?it/s]\r  4%|▍         | 1/25 [00:10\u003c04:23, 10.96s/it]\r 12%|█▏        | 3/25 [00:12\u003c01:11,  3.25s/it]\r 16%|█▌        | 4/25 [00:13\u003c00:52,  2.51s/it]\r 20%|██        | 5/25 [00:14\u003c00:40,  2.05s/it]\r 24%|██▍       | 6/25 [00:15\u003c00:33,  1.75s/it]\r 28%|██▊       | 7/25 [00:16\u003c00:28,  1.56s/it]\r 32%|███▏      | 8/25 [00:17\u003c00:24,  1.42s/it]\r 36%|███▌      | 9/25 [00:18\u003c00:21,  1.33s/it]\r 40%|████      | 10/25 [00:19\u003c00:19,  1.27s/it]\r 44%|████▍     | 11/25 [00:21\u003c00:17,  1.23s/it]\r 48%|████▊     | 12/25 [00:22\u003c00:15,  1.20s/it]\r 52%|█████▏    | 13/25 [00:23\u003c00:14,  1.18s/it]\r 56%|█████▌    | 14/25 [00:24\u003c00:12,  1.17s/it]\r 60%|██████    | 15/25 [00:25\u003c00:11,  1.16s/it]\r 64%|██████▍   | 16/25 [00:26\u003c00:10,  1.15s/it]\r 68%|██████▊   | 17/25 [00:27\u003c00:09,  1.15s/it]\r 72%|███████▏  | 18/25 [00:29\u003c00:08,  1.14s/it]\r 76%|███████▌  | 19/25 [00:30\u003c00:06,  1.14s/it]\r 80%|████████  | 20/25 [00:31\u003c00:05,  1.14s/it]\r 84%|████████▍ | 21/25 [00:32\u003c00:04,  1.14s/it]\r 88%|████████▊ | 22/25 [00:33\u003c00:03,  1.14s/it]\r 92%|█████████▏| 23/25 [00:34\u003c00:02,  1.14s/it]\r 96%|█████████▌| 24/25 [00:35\u003c00:01,  1.14s/it]\r100%|██████████| 25/25 [00:36\u003c00:00,  1.14s/it]\r100%|██████████| 25/25 [00:36\u003c00:00,  1.48s/it]\n"}
,{"stream_name":"stdout","time":741.910970203,"data":"DONE 7 meanpix 55.9 attempt 1\n"}
,{"stream_name":"stderr","time":741.911333995,"data":"\n"}
,{"stream_name":"stderr","time":741.911344663,"data":"Setting `clean_caption=True` requires the ftfy library but it was not found in your environment. Checkout the instructions on the\n"}
,{"stream_name":"stderr","time":741.911349456,"data":"installation section: https://github.com/rspeer/python-ftfy/tree/master#installing and follow the ones\n"}
,{"stream_name":"stderr","time":741.911353208,"data":"that match your environment. Please note that you may need to restart your runtime after installation.\n"}
,{"stream_name":"stderr","time":741.911356753,"data":"\n"}
,{"stream_name":"stderr","time":741.91136012,"data":"Setting `clean_caption` to False...\n"}
,{"stream_name":"stderr","time":745.376641185,"data":"\n"}
,{"stream_name":"stderr","time":745.376681616,"data":"Setting `clean_caption=True` requires the ftfy library but it was not found in your environment. Checkout the instructions on the\n"}
,{"stream_name":"stderr","time":745.376687989,"data":"installation section: https://github.com/rspeer/python-ftfy/tree/master#installing and follow the ones\n"}
,{"stream_name":"stderr","time":745.376693067,"data":"that match your environment. Please note that you may need to restart your runtime after installation.\n"}
,{"stream_name":"stderr","time":745.376697725,"data":"\n"}
,{"stream_name":"stderr","time":745.376701912,"data":"Setting `clean_caption` to False...\n"}
,{"stream_name":"stderr","time":783.082852684,"data":"\r  0%|          | 0/25 [00:00\u003c?, ?it/s]\r  4%|▍         | 1/25 [00:11\u003c04:24, 11.04s/it]\r 12%|█▏        | 3/25 [00:12\u003c01:11,  3.27s/it]\r 16%|█▌        | 4/25 [00:13\u003c00:52,  2.52s/it]\r 20%|██        | 5/25 [00:14\u003c00:41,  2.06s/it]\r 24%|██▍       | 6/25 [00:15\u003c00:33,  1.76s/it]\r 28%|██▊       | 7/25 [00:16\u003c00:27,  1.55s/it]\r 32%|███▏      | 8/25 [00:17\u003c00:24,  1.42s/it]\r 36%|███▌      | 9/25 [00:18\u003c00:21,  1.33s/it]\r 40%|████      | 10/25 [00:19\u003c00:19,  1.27s/it]\r 44%|████▍     | 11/25 [00:21\u003c00:17,  1.23s/it]\r 48%|████▊     | 12/25 [00:22\u003c00:15,  1.20s/it]\r 52%|█████▏    | 13/25 [00:23\u003c00:14,  1.18s/it]\r 56%|█████▌    | 14/25 [00:24\u003c00:12,  1.17s/it]\r 60%|██████    | 15/25 [00:25\u003c00:11,  1.16s/it]\r 64%|██████▍   | 16/25 [00:26\u003c00:10,  1.15s/it]\r 68%|██████▊   | 17/25 [00:27\u003c00:09,  1.15s/it]\r 72%|███████▏  | 18/25 [00:29\u003c00:08,  1.14s/it]\r 76%|███████▌  | 19/25 [00:30\u003c00:06,  1.14s/it]\r 80%|████████  | 20/25 [00:31\u003c00:05,  1.14s/it]\r 84%|████████▍ | 21/25 [00:32\u003c00:04,  1.14s/it]\r 88%|████████▊ | 22/25 [00:33\u003c00:03,  1.14s/it]\r 92%|█████████▏| 23/25 [00:34\u003c00:02,  1.14s/it]\r 96%|█████████▌| 24/25 [00:35\u003c00:01,  1.14s/it]\r100%|██████████| 25/25 [00:37\u003c00:00,  1.14s/it]\r100%|██████████| 25/25 [00:37\u003c00:00,  1.48s/it]\n"}
,{"stream_name":"stdout","time":785.793698414,"data":"DONE 8 meanpix 47.3 attempt 1\n"}
,{"stream_name":"stderr","time":785.793989394,"data":"\n"}
,{"stream_name":"stderr","time":785.794002394,"data":"Setting `clean_caption=True` requires the ftfy library but it was not found in your environment. Checkout the instructions on the\n"}
,{"stream_name":"stderr","time":785.79400671,"data":"installation section: https://github.com/rspeer/python-ftfy/tree/master#installing and follow the ones\n"}
,{"stream_name":"stderr","time":785.794010598,"data":"that match your environment. Please note that you may need to restart your runtime after installation.\n"}
,{"stream_name":"stderr","time":785.794019822,"data":"\n"}
,{"stream_name":"stderr","time":785.794022328,"data":"Setting `clean_caption` to False...\n"}
,{"stream_name":"stderr","time":789.213956425,"data":"\n"}
,{"stream_name":"stderr","time":789.214000646,"data":"Setting `clean_caption=True` requires the ftfy library but it was not found in your environment. Checkout the instructions on the\n"}
,{"stream_name":"stderr","time":789.214007801,"data":"installation section: https://github.com/rspeer/python-ftfy/tree/master#installing and follow the ones\n"}
,{"stream_name":"stderr","time":789.214013492,"data":"that match your environment. Please note that you may need to restart your runtime after installation.\n"}
,{"stream_name":"stderr","time":789.214018677,"data":"\n"}
,{"stream_name":"stderr","time":789.214023571,"data":"Setting `clean_caption` to False...\n"}
,{"stream_name":"stderr","time":826.918208171,"data":"\r  0%|          | 0/25 [00:00\u003c?, ?it/s]\r  4%|▍         | 1/25 [00:10\u003c04:22, 10.94s/it]\r 12%|█▏        | 3/25 [00:12\u003c01:11,  3.24s/it]\r 16%|█▌        | 4/25 [00:13\u003c00:52,  2.51s/it]\r 20%|██        | 5/25 [00:14\u003c00:41,  2.06s/it]\r 24%|██▍       | 6/25 [00:15\u003c00:33,  1.76s/it]\r 28%|██▊       | 7/25 [00:16\u003c00:28,  1.56s/it]\r 32%|███▏      | 8/25 [00:17\u003c00:24,  1.43s/it]\r 36%|███▌      | 9/25 [00:18\u003c00:21,  1.34s/it]\r 40%|████      | 10/25 [00:19\u003c00:19,  1.28s/it]\r 44%|████▍     | 11/25 [00:21\u003c00:17,  1.23s/it]\r 48%|████▊     | 12/25 [00:22\u003c00:15,  1.20s/it]\r 52%|█████▏    | 13/25 [00:23\u003c00:14,  1.18s/it]\r 56%|█████▌    | 14/25 [00:24\u003c00:12,  1.17s/it]\r 60%|██████    | 15/25 [00:25\u003c00:11,  1.16s/it]\r 64%|██████▍   | 16/25 [00:26\u003c00:10,  1.15s/it]\r 68%|██████▊   | 17/25 [00:27\u003c00:09,  1.15s/it]\r 72%|███████▏  | 18/25 [00:29\u003c00:08,  1.14s/it]\r 76%|███████▌  | 19/25 [00:30\u003c00:06,  1.14s/it]\r 80%|████████  | 20/25 [00:31\u003c00:05,  1.14s/it]\r 84%|████████▍ | 21/25 [00:32\u003c00:04,  1.14s/it]\r 88%|████████▊ | 22/25 [00:33\u003c00:03,  1.14s/it]\r 92%|█████████▏| 23/25 [00:34\u003c00:02,  1.14s/it]\r 96%|█████████▌| 24/25 [00:35\u003c00:01,  1.14s/it]\r100%|██████████| 25/25 [00:37\u003c00:00,  1.14s/it]\r100%|██████████| 25/25 [00:37\u003c00:00,  1.48s/it]\n"}
,{"stream_name":"stdout","time":829.610983893,"data":"DONE 9 meanpix 39.5 attempt 1\n"}
,{"stream_name":"stderr","time":829.611326168,"data":"\n"}
,{"stream_name":"stderr","time":829.611339335,"data":"Setting `clean_caption=True` requires the ftfy library but it was not found in your environment. Checkout the instructions on the\n"}
,{"stream_name":"stderr","time":829.611344044,"data":"installation section: https://github.com/rspeer/python-ftfy/tree/master#installing and follow the ones\n"}
,{"stream_name":"stderr","time":829.611347799,"data":"that match your environment. Please note that you may need to restart your runtime after installation.\n"}
,{"stream_name":"stderr","time":829.611351747,"data":"\n"}
,{"stream_name":"stderr","time":829.61135526,"data":"Setting `clean_caption` to False...\n"}
,{"stream_name":"stderr","time":833.109779441,"data":"\n"}
,{"stream_name":"stderr","time":833.109847911,"data":"Setting `clean_caption=True` requires the ftfy library but it was not found in your environment. Checkout the instructions on the\n"}
,{"stream_name":"stderr","time":833.109856398,"data":"installation section: https://github.com/rspeer/python-ftfy/tree/master#installing and follow the ones\n"}
,{"stream_name":"stderr","time":833.109861366,"data":"that match your environment. Please note that you may need to restart your runtime after installation.\n"}
,{"stream_name":"stderr","time":833.10986612,"data":"\n"}
,{"stream_name":"stderr","time":833.109872251,"data":"Setting `clean_caption` to False...\n"}
,{"stream_name":"stderr","time":870.739013686,"data":"\r  0%|          | 0/25 [00:00\u003c?, ?it/s]\r  4%|▍         | 1/25 [00:10\u003c04:22, 10.95s/it]\r 12%|█▏        | 3/25 [00:12\u003c01:11,  3.24s/it]\r 16%|█▌        | 4/25 [00:13\u003c00:52,  2.51s/it]\r 20%|██        | 5/25 [00:14\u003c00:40,  2.04s/it]\r 24%|██▍       | 6/25 [00:15\u003c00:33,  1.74s/it]\r 28%|██▊       | 7/25 [00:16\u003c00:27,  1.54s/it]\r 32%|███▏      | 8/25 [00:17\u003c00:24,  1.42s/it]\r 36%|███▌      | 9/25 [00:18\u003c00:21,  1.33s/it]\r 40%|████      | 10/25 [00:19\u003c00:19,  1.27s/it]\r 44%|████▍     | 11/25 [00:21\u003c00:17,  1.23s/it]\r 48%|████▊     | 12/25 [00:22\u003c00:15,  1.20s/it]\r 52%|█████▏    | 13/25 [00:23\u003c00:14,  1.18s/it]\r 56%|█████▌    | 14/25 [00:24\u003c00:12,  1.17s/it]\r 60%|██████    | 15/25 [00:25\u003c00:11,  1.16s/it]\r 64%|██████▍   | 16/25 [00:26\u003c00:10,  1.15s/it]\r 68%|██████▊   | 17/25 [00:27\u003c00:09,  1.15s/it]\r 72%|███████▏  | 18/25 [00:28\u003c00:08,  1.14s/it]\r 76%|███████▌  | 19/25 [00:30\u003c00:06,  1.14s/it]\r 80%|████████  | 20/25 [00:31\u003c00:05,  1.14s/it]\r 84%|████████▍ | 21/25 [00:32\u003c00:04,  1.14s/it]\r 88%|████████▊ | 22/25 [00:33\u003c00:03,  1.14s/it]\r 92%|█████████▏| 23/25 [00:34\u003c00:02,  1.14s/it]\r 96%|█████████▌| 24/25 [00:35\u003c00:01,  1.14s/it]\r100%|██████████| 25/25 [00:36\u003c00:00,  1.14s/it]\r100%|██████████| 25/25 [00:36\u003c00:00,  1.48s/it]\n"}
,{"stream_name":"stdout","time":873.455340746,"data":"DONE 10 meanpix 61.0 attempt 1\n"}
,{"stream_name":"stderr","time":873.455660124,"data":"\n"}
,{"stream_name":"stderr","time":873.455673144,"data":"Setting `clean_caption=True` requires the ftfy library but it was not found in your environment. Checkout the instructions on the\n"}
,{"stream_name":"stderr","time":873.455691266,"data":"installation section: https://github.com/rspeer/python-ftfy/tree/master#installing and follow the ones\n"}
,{"stream_name":"stderr","time":873.455695131,"data":"that match your environment. Please note that you may need to restart your runtime after installation.\n"}
,{"stream_name":"stderr","time":873.455698699,"data":"\n"}
,{"stream_name":"stderr","time":873.455702255,"data":"Setting `clean_caption` to False...\n"}
,{"stream_name":"stderr","time":876.91757001,"data":"\n"}
,{"stream_name":"stderr","time":876.9176165,"data":"Setting `clean_caption=True` requires the ftfy library but it was not found in your environment. Checkout the instructions on the\n"}
,{"stream_name":"stderr","time":876.917621715,"data":"installation section: https://github.com/rspeer/python-ftfy/tree/master#installing and follow the ones\n"}
,{"stream_name":"stderr","time":876.917625297,"data":"that match your environment. Please note that you may need to restart your runtime after installation.\n"}
,{"stream_name":"stderr","time":876.917628724,"data":"\n"}
,{"stream_name":"stderr","time":876.917631716,"data":"Setting `clean_caption` to False...\n"}
,{"stream_name":"stderr","time":914.60016625,"data":"\r  0%|          | 0/25 [00:00\u003c?, ?it/s]\r  4%|▍         | 1/25 [00:10\u003c04:23, 10.97s/it]\r 12%|█▏        | 3/25 [00:12\u003c01:11,  3.26s/it]\r 16%|█▌        | 4/25 [00:13\u003c00:52,  2.51s/it]\r 20%|██        | 5/25 [00:14\u003c00:41,  2.05s/it]\r 24%|██▍       | 6/25 [00:15\u003c00:33,  1.74s/it]\r 28%|██▊       | 7/25 [00:16\u003c00:27,  1.55s/it]\r 32%|███▏      | 8/25 [00:17\u003c00:24,  1.42s/it]\r 36%|███▌      | 9/25 [00:18\u003c00:21,  1.34s/it]\r 40%|████      | 10/25 [00:19\u003c00:19,  1.28s/it]\r 44%|████▍     | 11/25 [00:21\u003c00:17,  1.23s/it]\r 48%|████▊     | 12/25 [00:22\u003c00:15,  1.20s/it]\r 52%|█████▏    | 13/25 [00:23\u003c00:14,  1.18s/it]\r 56%|█████▌    | 14/25 [00:24\u003c00:12,  1.17s/it]\r 60%|██████    | 15/25 [00:25\u003c00:11,  1.16s/it]\r 64%|██████▍   | 16/25 [00:26\u003c00:10,  1.15s/it]\r 68%|██████▊   | 17/25 [00:27\u003c00:09,  1.15s/it]\r 72%|███████▏  | 18/25 [00:29\u003c00:08,  1.14s/it]\r 76%|███████▌  | 19/25 [00:30\u003c00:06,  1.14s/it]\r 80%|████████  | 20/25 [00:31\u003c00:05,  1.14s/it]\r 84%|████████▍ | 21/25 [00:32\u003c00:04,  1.14s/it]\r 88%|████████▊ | 22/25 [00:33\u003c00:03,  1.13s/it]\r 92%|█████████▏| 23/25 [00:34\u003c00:02,  1.13s/it]\r 96%|█████████▌| 24/25 [00:35\u003c00:01,  1.13s/it]\r100%|██████████| 25/25 [00:36\u003c00:00,  1.13s/it]\r100%|██████████| 25/25 [00:36\u003c00:00,  1.48s/it]\n"}
,{"stream_name":"stdout","time":917.383263102,"data":"DONE 11 meanpix 53.8 attempt 1\n"}
,{"stream_name":"stderr","time":917.383550424,"data":"\n"}
,{"stream_name":"stderr","time":917.383563305,"data":"Setting `clean_caption=True` requires the ftfy library but it was not found in your environment. Checkout the instructions on the\n"}
,{"stream_name":"stderr","time":917.383568864,"data":"installation section: https://github.com/rspeer/python-ftfy/tree/master#installing and follow the ones\n"}
,{"stream_name":"stderr","time":917.383573664,"data":"that match your environment. Please note that you may need to restart your runtime after installation.\n"}
,{"stream_name":"stderr","time":917.383578533,"data":"\n"}
,{"stream_name":"stderr","time":917.383582744,"data":"Setting `clean_caption` to False...\n"}
,{"stream_name":"stderr","time":920.883767645,"data":"\n"}
,{"stream_name":"stderr","time":920.883809952,"data":"Setting `clean_caption=True` requires the ftfy library but it was not found in your environment. Checkout the instructions on the\n"}
,{"stream_name":"stderr","time":920.883835083,"data":"installation section: https://github.com/rspeer/python-ftfy/tree/master#installing and follow the ones\n"}
,{"stream_name":"stderr","time":920.883842462,"data":"that match your environment. Please note that you may need to restart your runtime after installation.\n"}
,{"stream_name":"stderr","time":920.883847406,"data":"\n"}
,{"stream_name":"stderr","time":920.883853714,"data":"Setting `clean_caption` to False...\n"}
,{"stream_name":"stderr","time":958.459346086,"data":"\r  0%|          | 0/25 [00:00\u003c?, ?it/s]\r  4%|▍         | 1/25 [00:10\u003c04:20, 10.87s/it]\r 12%|█▏        | 3/25 [00:11\u003c01:10,  3.22s/it]\r 16%|█▌        | 4/25 [00:13\u003c00:52,  2.49s/it]\r 20%|██        | 5/25 [00:14\u003c00:40,  2.03s/it]\r 24%|██▍       | 6/25 [00:15\u003c00:33,  1.74s/it]\r 28%|██▊       | 7/25 [00:16\u003c00:27,  1.55s/it]\r 32%|███▏      | 8/25 [00:17\u003c00:24,  1.42s/it]\r 36%|███▌      | 9/25 [00:18\u003c00:21,  1.33s/it]\r 40%|████      | 10/25 [00:19\u003c00:19,  1.27s/it]\r 44%|████▍     | 11/25 [00:20\u003c00:17,  1.23s/it]\r 48%|████▊     | 12/25 [00:22\u003c00:15,  1.20s/it]\r 52%|█████▏    | 13/25 [00:23\u003c00:14,  1.18s/it]\r 56%|█████▌    | 14/25 [00:24\u003c00:12,  1.17s/it]\r 60%|██████    | 15/25 [00:25\u003c00:11,  1.16s/it]\r 64%|██████▍   | 16/25 [00:26\u003c00:10,  1.15s/it]\r 68%|██████▊   | 17/25 [00:27\u003c00:09,  1.15s/it]\r 72%|███████▏  | 18/25 [00:28\u003c00:08,  1.14s/it]\r 76%|███████▌  | 19/25 [00:30\u003c00:06,  1.14s/it]\r 80%|████████  | 20/25 [00:31\u003c00:05,  1.14s/it]\r 84%|████████▍ | 21/25 [00:32\u003c00:04,  1.14s/it]\r 88%|████████▊ | 22/25 [00:33\u003c00:03,  1.14s/it]\r 92%|█████████▏| 23/25 [00:34\u003c00:02,  1.14s/it]\r 96%|█████████▌| 24/25 [00:35\u003c00:01,  1.14s/it]\r100%|██████████| 25/25 [00:36\u003c00:00,  1.14s/it]\r100%|██████████| 25/25 [00:36\u003c00:00,  1.48s/it]\n"}
,{"stream_name":"stdout","time":961.264187432,"data":"DONE 12 meanpix 98.0 attempt 1\n"}
,{"stream_name":"stderr","time":961.264628559,"data":"\n"}
,{"stream_name":"stderr","time":961.264655175,"data":"Setting `clean_caption=True` requires the ftfy library but it was not found in your environment. Checkout the instructions on the\n"}
,{"stream_name":"stderr","time":961.264661801,"data":"installation section: https://github.com/rspeer/python-ftfy/tree/master#installing and follow the ones\n"}
,{"stream_name":"stderr","time":961.264704741,"data":"that match your environment. Please note that you may need to restart your runtime after installation.\n"}
,{"stream_name":"stderr","time":961.264710635,"data":"\n"}
,{"stream_name":"stderr","time":961.264713874,"data":"Setting `clean_caption` to False...\n"}
,{"stream_name":"stderr","time":964.74042758,"data":"\n"}
,{"stream_name":"stderr","time":964.740469526,"data":"Setting `clean_caption=True` requires the ftfy library but it was not found in your environment. Checkout the instructions on the\n"}
,{"stream_name":"stderr","time":964.740476093,"data":"installation section: https://github.com/rspeer/python-ftfy/tree/master#installing and follow the ones\n"}
,{"stream_name":"stderr","time":964.740480653,"data":"that match your environment. Please note that you may need to restart your runtime after installation.\n"}
,{"stream_name":"stderr","time":964.740485583,"data":"\n"}
,{"stream_name":"stderr","time":964.740501346,"data":"Setting `clean_caption` to False...\n"}
,{"stream_name":"stderr","time":1002.441858177,"data":"\r  0%|          | 0/25 [00:00\u003c?, ?it/s]\r  4%|▍         | 1/25 [00:10\u003c04:23, 10.98s/it]\r 12%|█▏        | 3/25 [00:12\u003c01:11,  3.25s/it]\r 16%|█▌        | 4/25 [00:13\u003c00:52,  2.52s/it]\r 20%|██        | 5/25 [00:14\u003c00:40,  2.05s/it]\r 24%|██▍       | 6/25 [00:15\u003c00:33,  1.75s/it]\r 28%|██▊       | 7/25 [00:16\u003c00:27,  1.56s/it]\r 32%|███▏      | 8/25 [00:17\u003c00:24,  1.42s/it]\r 36%|███▌      | 9/25 [00:18\u003c00:21,  1.33s/it]\r 40%|████      | 10/25 [00:19\u003c00:19,  1.27s/it]\r 44%|████▍     | 11/25 [00:21\u003c00:17,  1.23s/it]\r 48%|████▊     | 12/25 [00:22\u003c00:15,  1.20s/it]\r 52%|█████▏    | 13/25 [00:23\u003c00:14,  1.18s/it]\r 56%|█████▌    | 14/25 [00:24\u003c00:12,  1.17s/it]\r 60%|██████    | 15/25 [00:25\u003c00:11,  1.16s/it]\r 64%|██████▍   | 16/25 [00:26\u003c00:10,  1.15s/it]\r 68%|██████▊   | 17/25 [00:27\u003c00:09,  1.15s/it]\r 72%|███████▏  | 18/25 [00:29\u003c00:08,  1.14s/it]\r 76%|███████▌  | 19/25 [00:30\u003c00:06,  1.14s/it]\r 80%|████████  | 20/25 [00:31\u003c00:05,  1.14s/it]\r 84%|████████▍ | 21/25 [00:32\u003c00:04,  1.14s/it]\r 88%|████████▊ | 22/25 [00:33\u003c00:03,  1.14s/it]\r 92%|█████████▏| 23/25 [00:34\u003c00:02,  1.14s/it]\r 96%|█████████▌| 24/25 [00:35\u003c00:01,  1.14s/it]\r100%|██████████| 25/25 [00:36\u003c00:00,  1.14s/it]\r100%|██████████| 25/25 [00:36\u003c00:00,  1.48s/it]\n"}
,{"stream_name":"stdout","time":1005.218279182,"data":"DONE 13 meanpix 71.1 attempt 1\n"}
,{"stream_name":"stderr","time":1005.218557403,"data":"\n"}
,{"stream_name":"stderr","time":1005.218569967,"data":"Setting `clean_caption=True` requires the ftfy library but it was not found in your environment. Checkout the instructions on the\n"}
,{"stream_name":"stderr","time":1005.218576031,"data":"installation section: https://github.com/rspeer/python-ftfy/tree/master#installing and follow the ones\n"}
,{"stream_name":"stderr","time":1005.218580965,"data":"that match your environment. Please note that you may need to restart your runtime after installation.\n"}
,{"stream_name":"stderr","time":1005.218585734,"data":"\n"}
,{"stream_name":"stderr","time":1005.218590001,"data":"Setting `clean_caption` to False...\n"}
,{"stream_name":"stderr","time":1008.714826308,"data":"\n"}
,{"stream_name":"stderr","time":1008.714870001,"data":"Setting `clean_caption=True` requires the ftfy library but it was not found in your environment. Checkout the instructions on the\n"}
,{"stream_name":"stderr","time":1008.714875406,"data":"installation section: https://github.com/rspeer/python-ftfy/tree/master#installing and follow the ones\n"}
,{"stream_name":"stderr","time":1008.714895571,"data":"that match your environment. Please note that you may need to restart your runtime after installation.\n"}
,{"stream_name":"stderr","time":1008.71490079,"data":"\n"}
,{"stream_name":"stderr","time":1008.7149061,"data":"Setting `clean_caption` to False...\n"}
,{"stream_name":"stderr","time":1046.458976708,"data":"\r  0%|          | 0/25 [00:00\u003c?, ?it/s]\r  4%|▍         | 1/25 [00:10\u003c04:23, 10.99s/it]\r 12%|█▏        | 3/25 [00:12\u003c01:11,  3.26s/it]\r 16%|█▌        | 4/25 [00:13\u003c00:52,  2.52s/it]\r 20%|██        | 5/25 [00:14\u003c00:41,  2.05s/it]\r 24%|██▍       | 6/25 [00:15\u003c00:33,  1.76s/it]\r 28%|██▊       | 7/25 [00:16\u003c00:28,  1.56s/it]\r 32%|███▏      | 8/25 [00:17\u003c00:24,  1.43s/it]\r 36%|███▌      | 9/25 [00:18\u003c00:21,  1.34s/it]\r 40%|████      | 10/25 [00:19\u003c00:19,  1.27s/it]\r 44%|████▍     | 11/25 [00:21\u003c00:17,  1.23s/it]\r 48%|████▊     | 12/25 [00:22\u003c00:15,  1.20s/it]\r 52%|█████▏    | 13/25 [00:23\u003c00:14,  1.18s/it]\r 56%|█████▌    | 14/25 [00:24\u003c00:12,  1.17s/it]\r 60%|██████    | 15/25 [00:25\u003c00:11,  1.16s/it]\r 64%|██████▍   | 16/25 [00:26\u003c00:10,  1.15s/it]\r 68%|██████▊   | 17/25 [00:27\u003c00:09,  1.15s/it]\r 72%|███████▏  | 18/25 [00:29\u003c00:08,  1.14s/it]\r 76%|███████▌  | 19/25 [00:30\u003c00:06,  1.14s/it]\r 80%|████████  | 20/25 [00:31\u003c00:05,  1.14s/it]\r 84%|████████▍ | 21/25 [00:32\u003c00:04,  1.14s/it]\r 88%|████████▊ | 22/25 [00:33\u003c00:03,  1.14s/it]\r 92%|█████████▏| 23/25 [00:34\u003c00:02,  1.14s/it]\r 96%|█████████▌| 24/25 [00:35\u003c00:01,  1.14s/it]\r100%|██████████| 25/25 [00:37\u003c00:00,  1.14s/it]\r100%|██████████| 25/25 [00:37\u003c00:00,  1.48s/it]\n"}
,{"stream_name":"stdout","time":1049.15519094,"data":"DONE 14 meanpix 70.5 attempt 1\n"}
,{"stream_name":"stderr","time":1049.155573889,"data":"\n"}
,{"stream_name":"stderr","time":1049.155584601,"data":"Setting `clean_caption=True` requires the ftfy library but it was not found in your environment. Checkout the instructions on the\n"}
,{"stream_name":"stderr","time":1049.1555895,"data":"installation section: https://github.com/rspeer/python-ftfy/tree/master#installing and follow the ones\n"}
,{"stream_name":"stderr","time":1049.155593885,"data":"that match your environment. Please note that you may need to restart your runtime after installation.\n"}
,{"stream_name":"stderr","time":1049.155598481,"data":"\n"}
,{"stream_name":"stderr","time":1049.155602301,"data":"Setting `clean_caption` to False...\n"}
,{"stream_name":"stderr","time":1052.649598113,"data":"\n"}
,{"stream_name":"stderr","time":1052.649646202,"data":"Setting `clean_caption=True` requires the ftfy library but it was not found in your environment. Checkout the instructions on the\n"}
,{"stream_name":"stderr","time":1052.64965198,"data":"installation section: https://github.com/rspeer/python-ftfy/tree/master#installing and follow the ones\n"}
,{"stream_name":"stderr","time":1052.649655632,"data":"that match your environment. Please note that you may need to restart your runtime after installation.\n"}
,{"stream_name":"stderr","time":1052.649658995,"data":"\n"}
,{"stream_name":"stderr","time":1052.649661975,"data":"Setting `clean_caption` to False...\n"}
,{"stream_name":"stderr","time":1090.245919965,"data":"\r  0%|          | 0/25 [00:00\u003c?, ?it/s]\r  4%|▍         | 1/25 [00:10\u003c04:21, 10.90s/it]\r 12%|█▏        | 3/25 [00:12\u003c01:11,  3.24s/it]\r 16%|█▌        | 4/25 [00:13\u003c00:52,  2.50s/it]\r 20%|██        | 5/25 [00:14\u003c00:40,  2.03s/it]\r 24%|██▍       | 6/25 [00:15\u003c00:33,  1.74s/it]\r 28%|██▊       | 7/25 [00:16\u003c00:27,  1.54s/it]\r 32%|███▏      | 8/25 [00:17\u003c00:24,  1.42s/it]\r 36%|███▌      | 9/25 [00:18\u003c00:21,  1.33s/it]\r 40%|████      | 10/25 [00:19\u003c00:19,  1.27s/it]\r 44%|████▍     | 11/25 [00:20\u003c00:17,  1.23s/it]\r 48%|████▊     | 12/25 [00:22\u003c00:15,  1.20s/it]\r 52%|█████▏    | 13/25 [00:23\u003c00:14,  1.18s/it]\r 56%|█████▌    | 14/25 [00:24\u003c00:12,  1.17s/it]\r 60%|██████    | 15/25 [00:25\u003c00:11,  1.16s/it]\r 64%|██████▍   | 16/25 [00:26\u003c00:10,  1.15s/it]\r 68%|██████▊   | 17/25 [00:27\u003c00:09,  1.15s/it]\r 72%|███████▏  | 18/25 [00:28\u003c00:08,  1.14s/it]\r 76%|███████▌  | 19/25 [00:30\u003c00:06,  1.14s/it]\r 80%|████████  | 20/25 [00:31\u003c00:05,  1.14s/it]\r 84%|████████▍ | 21/25 [00:32\u003c00:04,  1.14s/it]\r 88%|████████▊ | 22/25 [00:33\u003c00:03,  1.14s/it]\r 92%|█████████▏| 23/25 [00:34\u003c00:02,  1.14s/it]\r 96%|█████████▌| 24/25 [00:35\u003c00:01,  1.14s/it]\r100%|██████████| 25/25 [00:36\u003c00:00,  1.14s/it]\r100%|██████████| 25/25 [00:36\u003c00:00,  1.48s/it]\n"}
,{"stream_name":"stdout","time":1092.999885485,"data":"DONE 15 meanpix 76.1 attempt 1\n"}
,{"stream_name":"stderr","time":1093.000139522,"data":"\n"}
,{"stream_name":"stderr","time":1093.000149598,"data":"Setting `clean_caption=True` requires the ftfy library but it was not found in your environment. Checkout the instructions on the\n"}
,{"stream_name":"stderr","time":1093.000153971,"data":"installation section: https://github.com/rspeer/python-ftfy/tree/master#installing and follow the ones\n"}
,{"stream_name":"stderr","time":1093.00015774,"data":"that match your environment. Please note that you may need to restart your runtime after installation.\n"}
,{"stream_name":"stderr","time":1093.00016132,"data":"\n"}
,{"stream_name":"stderr","time":1093.000164717,"data":"Setting `clean_caption` to False...\n"}
,{"stream_name":"stderr","time":1096.534227995,"data":"\n"}
,{"stream_name":"stderr","time":1096.534268374,"data":"Setting `clean_caption=True` requires the ftfy library but it was not found in your environment. Checkout the instructions on the\n"}
,{"stream_name":"stderr","time":1096.53427443,"data":"installation section: https://github.com/rspeer/python-ftfy/tree/master#installing and follow the ones\n"}
,{"stream_name":"stderr","time":1096.534279329,"data":"that match your environment. Please note that you may need to restart your runtime after installation.\n"}
,{"stream_name":"stderr","time":1096.534284176,"data":"\n"}
,{"stream_name":"stderr","time":1096.534288109,"data":"Setting `clean_caption` to False...\n"}
,{"stream_name":"stderr","time":1134.234981695,"data":"\r  0%|          | 0/25 [00:00\u003c?, ?it/s]\r  4%|▍         | 1/25 [00:10\u003c04:22, 10.95s/it]\r 12%|█▏        | 3/25 [00:12\u003c01:11,  3.25s/it]\r 16%|█▌        | 4/25 [00:13\u003c00:52,  2.50s/it]\r 20%|██        | 5/25 [00:14\u003c00:40,  2.04s/it]\r 24%|██▍       | 6/25 [00:15\u003c00:33,  1.75s/it]\r 28%|██▊       | 7/25 [00:16\u003c00:27,  1.55s/it]\r 32%|███▏      | 8/25 [00:17\u003c00:24,  1.43s/it]\r 36%|███▌      | 9/25 [00:18\u003c00:21,  1.34s/it]\r 40%|████      | 10/25 [00:19\u003c00:19,  1.28s/it]\r 44%|████▍     | 11/25 [00:21\u003c00:17,  1.23s/it]\r 48%|████▊     | 12/25 [00:22\u003c00:15,  1.21s/it]\r 52%|█████▏    | 13/25 [00:23\u003c00:14,  1.19s/it]\r 56%|█████▌    | 14/25 [00:24\u003c00:12,  1.17s/it]\r 60%|██████    | 15/25 [00:25\u003c00:11,  1.16s/it]\r 64%|██████▍   | 16/25 [00:26\u003c00:10,  1.15s/it]\r 68%|██████▊   | 17/25 [00:27\u003c00:09,  1.15s/it]\r 72%|███████▏  | 18/25 [00:29\u003c00:08,  1.15s/it]\r 76%|███████▌  | 19/25 [00:30\u003c00:06,  1.14s/it]\r 80%|████████  | 20/25 [00:31\u003c00:05,  1.14s/it]\r 84%|████████▍ | 21/25 [00:32\u003c00:04,  1.14s/it]\r 88%|████████▊ | 22/25 [00:33\u003c00:03,  1.14s/it]\r 92%|█████████▏| 23/25 [00:34\u003c00:02,  1.14s/it]\r 96%|█████████▌| 24/25 [00:35\u003c00:01,  1.14s/it]\r100%|██████████| 25/25 [00:36\u003c00:00,  1.14s/it]\r100%|██████████| 25/25 [00:36\u003c00:00,  1.48s/it]\n"}
,{"stream_name":"stdout","time":1136.949952665,"data":"DONE 16 meanpix 63.6 attempt 1\n"}
,{"stream_name":"stdout","time":1136.950012003,"data":"ALL DONE\n"}
,{"stream_name":"stderr","time":1142.71290473,"data":"/usr/local/lib/python3.12/dist-packages/mistune.py:435: SyntaxWarning: invalid escape sequence '\\|'\n"}
,{"stream_name":"stderr","time":1142.712938489,"data":"  cells[i][c] = re.sub('\\\\\\\\\\|', '|', cell)\n"}
,{"stream_name":"stderr","time":1142.963984443,"data":"/usr/local/lib/python3.12/dist-packages/nbconvert/filters/filter_links.py:36: SyntaxWarning: invalid escape sequence '\\_'\n"}
,{"stream_name":"stderr","time":1142.964028547,"data":"  text = re.sub(r'_', '\\_', text) # Escape underscores in display text\n"}
,{"stream_name":"stderr","time":1143.712351265,"data":"[NbConvertApp] Converting notebook __script__.ipynb to html\n"}
,{"stream_name":"stderr","time":1144.651209163,"data":"[NbConvertApp] Writing 299767 bytes to __results__.html\n"}
]